2.5.17n-git-b4b295d
threads: 4
Q3Map         - v1.0r (c) 1999 Id Software Inc.
Q3Map (ydnar) - v2.5.17n-git-b4b295d
NetRadiant    - v1.5.0 Aug 31 2026 10:18:22
Your map saw the pretty lights from q3map2's BFG
/tmp/netradiant-build/q3map2
VFS Init: /home/runner/.xonotic/pk3_build/
VFS Init: /tmp/xonotic-rustchain/pk3_build/
VFS Init: /home/runner/.xonotic/data/
VFS Init: /tmp/xonotic-rustchain/data/

--- BSP ---
Creating meta surfaces from brush faces
Loading /tmp/xonotic-rustchain/pk3_build/maps/rustchain_ledger_exchange.map
entering /tmp/xonotic-rustchain/pk3_build/maps/rustchain_ledger_exchange.map
WARNING: Couldn't find image for shader textures/common/caulk
        0 areaportals
Size: -1088,  -832,   -64 to  1088,   832,   448
block size = { 1024 1024 1024 }
       36 leafs filled
writing /tmp/xonotic-rustchain/pk3_build/maps/rustchain_ledger_exchange.prt
--- EmitMetaStats ---
       77 total meta surfaces
       77 stripped surfaces
        0 fanned surfaces
        0 maxarea'd surfaces
        0 patch meta surfaces
        0 meta verts
        0 meta triangles
--- WriteSurfaceExtraFile ---
Writing /tmp/xonotic-rustchain/pk3_build/maps/rustchain_ledger_exchange.srf
Writing /tmp/xonotic-rustchain/pk3_build/maps/rustchain_ledger_exchange.bsp
Wrote 0.0 MB (36968 bytes)
        0 seconds elapsed
