2.5.17n-git-b4b295d
threads: 4
Q3Map         - v1.0r (c) 1999 Id Software Inc.
Q3Map (ydnar) - v2.5.17n-git-b4b295d
NetRadiant    - v1.5.0 Aug 31 2026 10:22:34
Your map saw the pretty lights from q3map2's BFG
/tmp/netradiant-build/q3map2
VFS Init: /home/runner/.xonotic/pk3_build/
VFS Init: /tmp/xonotic-rustchain/pk3_build/
VFS Init: /home/runner/.xonotic/data/
VFS Init: /tmp/xonotic-rustchain/data/

--- Vis ---
Loading /tmp/xonotic-rustchain/pk3_build/maps/rustchain_antiquity_relay.bsp
Loading /tmp/xonotic-rustchain/pk3_build/maps/rustchain_antiquity_relay.prt
    84 portalclusters
   274 numportals
   258 numfaces
   548 active portals
     0 hint portals
visdatasize:1352

--- BasePortalVis (548) ---
0...1...2...3...4...5...6...7...8...9... (0)
      8 average number of passages per leaf
      0 MB required passage memory

--- CreatePassages (548) ---
0...1...2...3...4...5...6...7...8...9... (0)

--- PassagePortalFlow (548) ---
0...1...2...3...4...5...6...7...8...9... (1)
creating leaf vis...
Total clusters: 84
Total visible clusters: 6048
Average clusters visible: 72.00 (85.714%/total)
  Standard deviation: 11.98 (14.263%/total, 16.640%/avg)
  Minimum: 38 (45.238%/total, 52.778%/avg)
  Maximum: 85 (101.190%/total, 118.056%/avg)
Writing /tmp/xonotic-rustchain/pk3_build/maps/rustchain_antiquity_relay.bsp
Wrote 0.0 MB (48388 bytes)
        1 seconds elapsed
